  BookMenu.cpp
  LevelOne.cpp
  LevelOneRender.cpp
  Renderer.cpp
  RendererEffects.cpp
  RendererModels.cpp
  SimpleGame.cpp
  TutorialEnvironment.cpp
C:\Users\moonc\OneDrive\문서\GitHub\GameSoftwareEngineering\SimpleGame\TutorialEnvironment.cpp(178,73): warning C4244: '인수': 'int'에서 'float'(으)로 변환하면서 데이터가 손실될 수 있습니다.
  (소스 파일 '/TutorialEnvironment.cpp'을(를) 컴파일하는 중)
  
  TutorialLevel.cpp
  TutorialStory.cpp
  코드를 생성하고 있습니다...
C:\Users\moonc\OneDrive\문서\GitHub\GameSoftwareEngineering\SimpleGame\SimpleGame.cpp(1,1): error C1083: 컴파일러 생성 파일 파일을 열 수 없습니다. 'C:\Users\moonc\OneDrive\문서\GitHub\GameSoftwareEngineering\SimpleGame\x64\Debug\SimpleGame.obj': Invalid argument
C:\Program Files\Microsoft Visual Studio\18\Community\MSBuild\Microsoft\VC\v180\Microsoft.CppCommon.targets(790,5): error MSB6003: 지정한 작업 실행 파일 "CL.exe"을(를) 실행할 수 없습니다. System.IO.IOException: 요청한 작업은, 사용자가 매핑한 구역이 열려 있는 상태인 파일에서 수행할 수 없습니다.
C:\Program Files\Microsoft Visual Studio\18\Community\MSBuild\Microsoft\VC\v180\Microsoft.CppCommon.targets(790,5): error MSB6003: 
C:\Program Files\Microsoft Visual Studio\18\Community\MSBuild\Microsoft\VC\v180\Microsoft.CppCommon.targets(790,5): error MSB6003:    위치: System.IO.__Error.WinIOError(Int32 errorCode, String maybeFullPath)
C:\Program Files\Microsoft Visual Studio\18\Community\MSBuild\Microsoft\VC\v180\Microsoft.CppCommon.targets(790,5): error MSB6003:    위치: System.IO.FileStream.Init(String path, FileMode mode, FileAccess access, Int32 rights, Boolean useRights, FileShare share, Int32 bufferSize, FileOptions options, SECURITY_ATTRIBUTES secAttrs, String msgPath, Boolean bFromProxy, Boolean useLongPath, Boolean checkHost)
C:\Program Files\Microsoft Visual Studio\18\Community\MSBuild\Microsoft\VC\v180\Microsoft.CppCommon.targets(790,5): error MSB6003:    위치: System.IO.FileStream..ctor(String path, FileMode mode, FileAccess access, FileShare share, Int32 bufferSize, FileOptions options, String msgPath, Boolean bFromProxy, Boolean useLongPath, Boolean checkHost)
C:\Program Files\Microsoft Visual Studio\18\Community\MSBuild\Microsoft\VC\v180\Microsoft.CppCommon.targets(790,5): error MSB6003:    위치: System.IO.StreamWriter.CreateFile(String path, Boolean append, Boolean checkHost)
C:\Program Files\Microsoft Visual Studio\18\Community\MSBuild\Microsoft\VC\v180\Microsoft.CppCommon.targets(790,5): error MSB6003:    위치: System.IO.StreamWriter..ctor(String path, Boolean append, Encoding encoding, Int32 bufferSize, Boolean checkHost)
C:\Program Files\Microsoft Visual Studio\18\Community\MSBuild\Microsoft\VC\v180\Microsoft.CppCommon.targets(790,5): error MSB6003:    위치: System.IO.File.InternalWriteAllText(String path, String contents, Encoding encoding, Boolean checkHost)
C:\Program Files\Microsoft Visual Studio\18\Community\MSBuild\Microsoft\VC\v180\Microsoft.CppCommon.targets(790,5): error MSB6003:    위치: Microsoft.Build.Utilities.CanonicalTrackedOutputFiles.SaveTlog(DependencyFilter includeInTLog)
C:\Program Files\Microsoft Visual Studio\18\Community\MSBuild\Microsoft\VC\v180\Microsoft.CppCommon.targets(790,5): error MSB6003:    위치: Microsoft.Build.CPPTasks.CL.PostExecuteTool(Int32 exitCode)
C:\Program Files\Microsoft Visual Studio\18\Community\MSBuild\Microsoft\VC\v180\Microsoft.CppCommon.targets(790,5): error MSB6003:    위치: Microsoft.Build.CPPTasks.TrackedVCToolTask.ExecuteTool(String pathToTool, String responseFileCommands, String commandLineCommands)
C:\Program Files\Microsoft Visual Studio\18\Community\MSBuild\Microsoft\VC\v180\Microsoft.CppCommon.targets(790,5): error MSB6003:    위치: Microsoft.Build.CPPTasks.CL.ExecuteTool(String pathToTool, String responseFileCommands, String commandLineCommands)
C:\Program Files\Microsoft Visual Studio\18\Community\MSBuild\Microsoft\VC\v180\Microsoft.CppCommon.targets(790,5): error MSB6003:    위치: Microsoft.Build.Utilities.ToolTask.Execute()
